// Jest Snapshot v1, https://goo.gl/fbAQLP

exports[`Rehydrating from DOM nodes should rehydrate the renderer cache 1`] = `
Array [
  undefined,
  Object {
    " #id > .foo ~ barbackgroundColorred": Object {
      "className": "_3eair6",
      "declaration": "background-color:red",
      "media": "",
      "selector": "._3eair6 #id > .foo ~ bar",
      "support": "",
      "type": "RULE",
    },
    "(display: grid).foo.barcolorred": Object {
      "className": "_7cwzd1",
      "declaration": "color:red",
      "media": "",
      "selector": "._7cwzd1.foo.bar",
      "support": "(display: grid)",
      "type": "RULE",
    },
    "(display: grid)colorblue": Object {
      "className": "_akko7z",
      "declaration": "color:blue",
      "media": "",
      "selector": "._akko7z",
      "support": "(display: grid)",
      "type": "RULE",
    },
    ":hover> h1colorgreen": Object {
      "className": "_60gce0",
      "declaration": "color:green",
      "media": "",
      "selector": "._60gce0:hover> h1",
      "support": "",
      "type": "RULE",
    },
    ":hovercolorred": Object {
      "className": "_1401qjb",
      "declaration": "color:red",
      "media": "",
      "selector": "._1401qjb:hover",
      "support": "",
      "type": "RULE",
    },
    "[alt=\\"Hello\\"]fontSize12px": Object {
      "className": "_1mw6x94",
      "declaration": "font-size:12px",
      "media": "",
      "selector": "._1mw6x94[alt=\\"Hello\\"]",
      "support": "",
      "type": "RULE",
    },
    "backgroundColorred": Object {
      "className": "_p2crlx",
      "declaration": "background-color:red",
      "media": "",
      "selector": "._p2crlx",
      "support": "",
      "type": "RULE",
    },
    "coloryellow": Object {
      "className": "_guhc64",
      "declaration": "color:yellow",
      "media": "",
      "selector": "._guhc64",
      "support": "",
      "type": "RULE",
    },
    "flex1;-webkit-flex:1": Object {
      "className": "_db4k9u",
      "declaration": "flex:1;-webkit-flex:1",
      "media": "",
      "selector": "._db4k9u",
      "support": "",
      "type": "RULE",
    },
  },
]
`;
