// Jest Snapshot v1, https://goo.gl/fbAQLP

exports[`Monolithic enhancer React integration should render a single class 1`] = `".f137u7ef{color:red}.f137u7ef{color:red}"`;
