// Jest Snapshot v1, https://goo.gl/fbAQLP

exports[`Rendering to string should return a single CSS string 1`] = `
"* {
  box-sizing: border-box
}

div {
  display: flex
}

._sjf8sr {
  color: red
}

@supports (display:flex) {
  ._boueve {
    color: yellow
  }
}

@supports (display:grid) {
  ._17la8zr {
    color: brown
  }
}

@media (min-height: 300px) {
  ._hfmgla {
    color: blue
  }
  @supports (display:flex) {
    ._14bkwh9 {
      color: green
    }
  }
  @supports (display:grid) {
    ._110zmce {
      color: black
    }
  }
}

@media (max-height: 300px) {
  @supports (display: flex) {
    ._18n0rk6 {
      color:purple
    }
  }
}

@media (max-width: 300px) {
  ._1gwhu9a {
    color: grey
  }
}"
`;
