// Jest Snapshot v1, https://goo.gl/fbAQLP

exports[`Using babel-plugin-fela should precompile static styles 1`] = `
Array [
  "/__fixtures__/createComponent/createComponent.js",
  "import { createComponent } from 'react-fela';

const rule = ({ fontSize, padding }, renderer) => {
  if (!renderer.cache.abcd) {
    renderer.cache.abcd = {
      type: 'PRECOMPILATION'
    };
    if (!renderer.cache['colorred']) renderer.cache['colorred'] = {
      type: 'RULE',
      className: 'a',
      selector: '.a',
      declaration: 'color:red',
      media: '',
      support: ''
    };
    if (!renderer.cache['(min-height: 300px)backgroundColorred']) renderer.cache['(min-height: 300px)backgroundColorred'] = {
      type: 'RULE',
      className: 'b',
      selector: '.b',
      declaration: 'background-color:red',
      media: '(min-height: 300px)',
      support: ''
    };
    if (!renderer.cache['(min-height: 300px)lineHeight2']) renderer.cache['(min-height: 300px)lineHeight2'] = {
      type: 'RULE',
      className: 'c',
      selector: '.c',
      declaration: 'line-height:2',
      media: '(min-height: 300px)',
      support: ''
    };
    if (!renderer.cache['(min-height: 300px):hovercolorblack']) renderer.cache['(min-height: 300px):hovercolorblack'] = {
      type: 'RULE',
      className: 'd',
      selector: '.d:hover',
      declaration: 'color:black',
      media: '(min-height: 300px)',
      support: ''
    };
  }

  return {
    _className: 'a b c d',

    fontSize,

    '@media (min-height: 300px)': {
      ':hover': {
        paddingLeft: padding
      }
    }
  };
};

export default createComponent(rule);",
]
`;

exports[`Using babel-plugin-fela should precompile static styles 2`] = `
Array [
  "/__fixtures__/createComponent/createComponentEmbedded.js",
  "import { createComponent } from 'react-fela';

export default createComponent(({ fontSize, padding }, renderer) => {
  if (!renderer.cache.abcd) {
    renderer.cache.abcd = {
      type: 'PRECOMPILATION'
    };
    if (!renderer.cache['colorred']) renderer.cache['colorred'] = {
      type: 'RULE',
      className: 'a',
      selector: '.a',
      declaration: 'color:red',
      media: '',
      support: ''
    };
    if (!renderer.cache['(min-height: 300px)backgroundColorred']) renderer.cache['(min-height: 300px)backgroundColorred'] = {
      type: 'RULE',
      className: 'b',
      selector: '.b',
      declaration: 'background-color:red',
      media: '(min-height: 300px)',
      support: ''
    };
    if (!renderer.cache['(min-height: 300px)lineHeight2']) renderer.cache['(min-height: 300px)lineHeight2'] = {
      type: 'RULE',
      className: 'c',
      selector: '.c',
      declaration: 'line-height:2',
      media: '(min-height: 300px)',
      support: ''
    };
    if (!renderer.cache['(min-height: 300px):hovercolorblack']) renderer.cache['(min-height: 300px):hovercolorblack'] = {
      type: 'RULE',
      className: 'd',
      selector: '.d:hover',
      declaration: 'color:black',
      media: '(min-height: 300px)',
      support: ''
    };
  }

  return {
    _className: 'a b c d',

    fontSize,

    '@media (min-height: 300px)': {
      ':hover': {
        paddingLeft: padding
      }
    }
  };
});",
]
`;

exports[`Using babel-plugin-fela should precompile static styles 3`] = `
Array [
  "/__fixtures__/createComponent/createComponentEmptyParameter.js",
  "import { createComponent } from 'react-fela';

const rule = (_, renderer) => {
  if (!renderer.cache.abcd) {
    renderer.cache.abcd = {
      type: 'PRECOMPILATION'
    };
    if (!renderer.cache['colorred']) renderer.cache['colorred'] = {
      type: 'RULE',
      className: 'a',
      selector: '.a',
      declaration: 'color:red',
      media: '',
      support: ''
    };
    if (!renderer.cache['(min-height: 300px)backgroundColorred']) renderer.cache['(min-height: 300px)backgroundColorred'] = {
      type: 'RULE',
      className: 'b',
      selector: '.b',
      declaration: 'background-color:red',
      media: '(min-height: 300px)',
      support: ''
    };
    if (!renderer.cache['(min-height: 300px)lineHeight2']) renderer.cache['(min-height: 300px)lineHeight2'] = {
      type: 'RULE',
      className: 'c',
      selector: '.c',
      declaration: 'line-height:2',
      media: '(min-height: 300px)',
      support: ''
    };
    if (!renderer.cache['(min-height: 300px):hovercolorblack']) renderer.cache['(min-height: 300px):hovercolorblack'] = {
      type: 'RULE',
      className: 'd',
      selector: '.d:hover',
      declaration: 'color:black',
      media: '(min-height: 300px)',
      support: ''
    };
  }

  return {
    _className: 'a b c d'
  };
};

export default createComponent(rule);",
]
`;

exports[`Using babel-plugin-fela should precompile static styles 4`] = `
Array [
  "/__fixtures__/createComponent/createComponentFunctionExpression.js",
  "import { createComponent } from 'react-fela';

function rule({ fontSize, padding }, renderer) {
  if (!renderer.cache.abcd) {
    renderer.cache.abcd = {
      type: 'PRECOMPILATION'
    };
    if (!renderer.cache['colorred']) renderer.cache['colorred'] = {
      type: 'RULE',
      className: 'a',
      selector: '.a',
      declaration: 'color:red',
      media: '',
      support: ''
    };
    if (!renderer.cache['(min-height: 300px)backgroundColorred']) renderer.cache['(min-height: 300px)backgroundColorred'] = {
      type: 'RULE',
      className: 'b',
      selector: '.b',
      declaration: 'background-color:red',
      media: '(min-height: 300px)',
      support: ''
    };
    if (!renderer.cache['(min-height: 300px)lineHeight2']) renderer.cache['(min-height: 300px)lineHeight2'] = {
      type: 'RULE',
      className: 'c',
      selector: '.c',
      declaration: 'line-height:2',
      media: '(min-height: 300px)',
      support: ''
    };
    if (!renderer.cache['(min-height: 300px):hovercolorblack']) renderer.cache['(min-height: 300px):hovercolorblack'] = {
      type: 'RULE',
      className: 'd',
      selector: '.d:hover',
      declaration: 'color:black',
      media: '(min-height: 300px)',
      support: ''
    };
  }

  return {
    _className: 'a b c d',

    fontSize,

    '@media (min-height: 300px)': {
      ':hover': {
        paddingLeft: padding
      }
    }
  };
}

export default createComponent(rule);",
]
`;

exports[`Using babel-plugin-fela should precompile static styles 5`] = `
Array [
  "/__fixtures__/createComponent/createComponentFunctionVariable.js",
  "import { createComponent } from 'react-fela';

const rule = function ({ fontSize, padding }, renderer) {
  if (!renderer.cache.abcd) {
    renderer.cache.abcd = {
      type: 'PRECOMPILATION'
    };
    if (!renderer.cache['colorred']) renderer.cache['colorred'] = {
      type: 'RULE',
      className: 'a',
      selector: '.a',
      declaration: 'color:red',
      media: '',
      support: ''
    };
    if (!renderer.cache['(min-height: 300px)backgroundColorred']) renderer.cache['(min-height: 300px)backgroundColorred'] = {
      type: 'RULE',
      className: 'b',
      selector: '.b',
      declaration: 'background-color:red',
      media: '(min-height: 300px)',
      support: ''
    };
    if (!renderer.cache['(min-height: 300px)lineHeight2']) renderer.cache['(min-height: 300px)lineHeight2'] = {
      type: 'RULE',
      className: 'c',
      selector: '.c',
      declaration: 'line-height:2',
      media: '(min-height: 300px)',
      support: ''
    };
    if (!renderer.cache['(min-height: 300px):hovercolorblack']) renderer.cache['(min-height: 300px):hovercolorblack'] = {
      type: 'RULE',
      className: 'd',
      selector: '.d:hover',
      declaration: 'color:black',
      media: '(min-height: 300px)',
      support: ''
    };
  }

  return {
    _className: 'a b c d',

    fontSize,

    '@media (min-height: 300px)': {
      ':hover': {
        paddingLeft: padding
      }
    }
  };
};

export default createComponent(rule);",
]
`;

exports[`Using babel-plugin-fela should precompile static styles 6`] = `
Array [
  "/__fixtures__/createComponent/createComponentInvalidRenderer.js",
  "import { createComponent } from 'react-fela';

const rule = ({ fontSize, padding }, { foo }) => {
  return {
    fontSize,
    color: 'red',
    '@media (min-height: 300px)': {
      backgroundColor: 'red',
      lineHeight: 2,
      ':hover': {
        color: 'black',
        paddingLeft: padding
      }
    }
  };
};

export default createComponent(rule);",
]
`;

exports[`Using babel-plugin-fela should precompile static styles 7`] = `
Array [
  "/__fixtures__/createComponent/createComponentMergeClassName.js",
  "import { createComponent } from 'react-fela';

const rule = ({ fontSize, padding }, renderer) => {
  if (!renderer.cache.foobarabcd) {
    renderer.cache.foobarabcd = {
      type: 'PRECOMPILATION'
    };
    if (!renderer.cache['colorred']) renderer.cache['colorred'] = {
      type: 'RULE',
      className: 'a',
      selector: '.a',
      declaration: 'color:red',
      media: '',
      support: ''
    };
    if (!renderer.cache['(min-height: 300px)backgroundColorred']) renderer.cache['(min-height: 300px)backgroundColorred'] = {
      type: 'RULE',
      className: 'b',
      selector: '.b',
      declaration: 'background-color:red',
      media: '(min-height: 300px)',
      support: ''
    };
    if (!renderer.cache['(min-height: 300px)lineHeight2']) renderer.cache['(min-height: 300px)lineHeight2'] = {
      type: 'RULE',
      className: 'c',
      selector: '.c',
      declaration: 'line-height:2',
      media: '(min-height: 300px)',
      support: ''
    };
    if (!renderer.cache['(min-height: 300px):hovercolorblack']) renderer.cache['(min-height: 300px):hovercolorblack'] = {
      type: 'RULE',
      className: 'd',
      selector: '.d:hover',
      declaration: 'color:black',
      media: '(min-height: 300px)',
      support: ''
    };
  }

  return {
    _className: 'foo bar a b c d',

    fontSize,

    '@media (min-height: 300px)': {
      ':hover': {
        paddingLeft: padding
      }
    }
  };
};

export default createComponent(rule);",
]
`;

exports[`Using babel-plugin-fela should precompile static styles 8`] = `
Array [
  "/__fixtures__/createComponent/createComponentRendererReference.js",
  "import { createComponent } from 'react-fela';

const rule = ({ fontSize, padding }, felaRenderer) => {
  if (!felaRenderer.cache.abcd) {
    felaRenderer.cache.abcd = {
      type: 'PRECOMPILATION'
    };
    if (!felaRenderer.cache['colorred']) felaRenderer.cache['colorred'] = {
      type: 'RULE',
      className: 'a',
      selector: '.a',
      declaration: 'color:red',
      media: '',
      support: ''
    };
    if (!felaRenderer.cache['(min-height: 300px)backgroundColorred']) felaRenderer.cache['(min-height: 300px)backgroundColorred'] = {
      type: 'RULE',
      className: 'b',
      selector: '.b',
      declaration: 'background-color:red',
      media: '(min-height: 300px)',
      support: ''
    };
    if (!felaRenderer.cache['(min-height: 300px)lineHeight2']) felaRenderer.cache['(min-height: 300px)lineHeight2'] = {
      type: 'RULE',
      className: 'c',
      selector: '.c',
      declaration: 'line-height:2',
      media: '(min-height: 300px)',
      support: ''
    };
    if (!felaRenderer.cache['(min-height: 300px):hovercolorblack']) felaRenderer.cache['(min-height: 300px):hovercolorblack'] = {
      type: 'RULE',
      className: 'd',
      selector: '.d:hover',
      declaration: 'color:black',
      media: '(min-height: 300px)',
      support: ''
    };
  }

  return {
    _className: 'a b c d',

    fontSize,

    '@media (min-height: 300px)': {
      ':hover': {
        paddingLeft: padding
      }
    }
  };
};

export default createComponent(rule);",
]
`;

exports[`Using babel-plugin-fela should prerender static styles as a separate rule 1`] = `
Array [
  "/__fixtures__/createComponent/createComponent.js",
  "import { createComponent } from 'react-fela';

const rule = ({ fontSize, padding }, renderer) => {
  if (!renderer.cache.1258790278) {
    renderer.cache.1258790278= {
      type: 'PRERENDERING',
      className: renderer.renderRule(() => ({
        color: 'red',
        '@media (min-height: 300px)': {
          backgroundColor: 'red',
          lineHeight: 2,
          ':hover': {
            color: 'black'
          }
        }
      }))
    };
  }

  return {
    _className: renderer.cache.1258790278.className,

    fontSize, '@media (min-height: 300px)': { ':hover': { paddingLeft: padding
      }
    }
  };
};

export default createComponent(rule);",
]
`;

exports[`Using babel-plugin-fela should prerender static styles as a separate rule 2`] = `
Array [
  "/__fixtures__/createComponent/createComponentEmbedded.js",
  "import { createComponent } from 'react-fela';

export default createComponent(({ fontSize, padding }, renderer) => {
  if (!renderer.cache.3434345636) {
    renderer.cache.3434345636= {
      type: 'PRERENDERING',
      className: renderer.renderRule(() => ({
        color: 'red',
        '@media (min-height: 300px)': {
          backgroundColor: 'red',
          lineHeight: 2,
          ':hover': {
            color: 'black'
          }
        }
      }))
    };
  }

  return {
    _className: renderer.cache.3434345636.className,

    fontSize, '@media (min-height: 300px)': { ':hover': { paddingLeft: padding
      }
    }
  };
});",
]
`;

exports[`Using babel-plugin-fela should prerender static styles as a separate rule 3`] = `
Array [
  "/__fixtures__/createComponent/createComponentEmptyParameter.js",
  "import { createComponent } from 'react-fela';

const rule = (_, renderer) => {
  if (!renderer.cache.3904749910) {
    renderer.cache.3904749910= {
      type: 'PRERENDERING',
      className: renderer.renderRule(() => ({
        color: 'red',
        '@media (min-height: 300px)': {
          backgroundColor: 'red',
          lineHeight: 2,
          ':hover': {
            color: 'black'
          }
        }
      }))
    };
  }

  return {
    _className: renderer.cache.3904749910.className
  };
};

export default createComponent(rule);",
]
`;

exports[`Using babel-plugin-fela should prerender static styles as a separate rule 4`] = `
Array [
  "/__fixtures__/createComponent/createComponentFunctionExpression.js",
  "import { createComponent } from 'react-fela';

function rule({ fontSize, padding }, renderer) {
  if (!renderer.cache.1994830291) {
    renderer.cache.1994830291= {
      type: 'PRERENDERING',
      className: renderer.renderRule(() => ({
        color: 'red',
        '@media (min-height: 300px)': {
          backgroundColor: 'red',
          lineHeight: 2,
          ':hover': {
            color: 'black'
          }
        }
      }))
    };
  }

  return {
    _className: renderer.cache.1994830291.className,

    fontSize, '@media (min-height: 300px)': { ':hover': { paddingLeft: padding
      }
    }
  };
}

export default createComponent(rule);",
]
`;

exports[`Using babel-plugin-fela should prerender static styles as a separate rule 5`] = `
Array [
  "/__fixtures__/createComponent/createComponentFunctionVariable.js",
  "import { createComponent } from 'react-fela';

const rule = function ({ fontSize, padding }, renderer) {
  if (!renderer.cache.1173747665) {
    renderer.cache.1173747665= {
      type: 'PRERENDERING',
      className: renderer.renderRule(() => ({
        color: 'red',
        '@media (min-height: 300px)': {
          backgroundColor: 'red',
          lineHeight: 2,
          ':hover': {
            color: 'black'
          }
        }
      }))
    };
  }

  return {
    _className: renderer.cache.1173747665.className,

    fontSize, '@media (min-height: 300px)': { ':hover': { paddingLeft: padding
      }
    }
  };
};

export default createComponent(rule);",
]
`;

exports[`Using babel-plugin-fela should prerender static styles as a separate rule 6`] = `
Array [
  "/__fixtures__/createComponent/createComponentInvalidRenderer.js",
  "import { createComponent } from 'react-fela';

const rule = ({ fontSize, padding }, { foo }) => {
  return {
    fontSize,
    color: 'red',
    '@media (min-height: 300px)': {
      backgroundColor: 'red',
      lineHeight: 2,
      ':hover': {
        color: 'black',
        paddingLeft: padding
      }
    }
  };
};

export default createComponent(rule);",
]
`;

exports[`Using babel-plugin-fela should prerender static styles as a separate rule 7`] = `
Array [
  "/__fixtures__/createComponent/createComponentMergeClassName.js",
  "import { createComponent } from 'react-fela';

const rule = ({ fontSize, padding }, renderer) => {
  if (!renderer.cache.2598482558) {
    renderer.cache.2598482558= {
      type: 'PRERENDERING',
      className: renderer.renderRule(() => ({
        _className: 'foo bar',

        color: 'red',
        '@media (min-height: 300px)': {
          backgroundColor: 'red',
          lineHeight: 2,
          ':hover': {
            color: 'black'
          }
        }
      }))
    };
  }

  return {
    _className: renderer.cache.2598482558.className,
    fontSize, '@media (min-height: 300px)': { ':hover': { paddingLeft: padding
      }
    }
  };
};

export default createComponent(rule);",
]
`;

exports[`Using babel-plugin-fela should prerender static styles as a separate rule 8`] = `
Array [
  "/__fixtures__/createComponent/createComponentRendererReference.js",
  "import { createComponent } from 'react-fela';

const rule = ({ fontSize, padding }, felaRenderer) => {
  if (!felaRenderer.cache.3309150636) {
    felaRenderer.cache.3309150636= {
      type: 'PRERENDERING',
      className: felaRenderer.renderRule(() => ({
        color: 'red',
        '@media (min-height: 300px)': {
          backgroundColor: 'red',
          lineHeight: 2,
          ':hover': {
            color: 'black'
          }
        }
      }))
    };
  }

  return {
    _className: felaRenderer.cache.3309150636.className,

    fontSize, '@media (min-height: 300px)': { ':hover': { paddingLeft: padding
      }
    }
  };
};

export default createComponent(rule);",
]
`;

exports[`Using babel-plugin-fela should transform inline css props on HTML nodes 1`] = `
Array [
  "/__fixtures__/css-prop/ArrowFunctionComponent.js",
  "const Button = () => <div className={renderer.renderRule(() => ({
  color: 'red',
  fontSize: 12
}))}>
    Hello
  </div>;",
]
`;

exports[`Using babel-plugin-fela should transform inline css props on HTML nodes 2`] = `
Array [
  "/__fixtures__/css-prop/ClassComponent.js",
  "export default class Button {
  render() {
    return <div className={renderer.renderRule(() => ({
      color: 'red',
      fontSize: 12
    }))}>
        Hello
      </div>;
  }
}",
]
`;

exports[`Using babel-plugin-fela should transform inline css props on HTML nodes 3`] = `
Array [
  "/__fixtures__/css-prop/FunctionComponent.js",
  "export default function Button() {
  return <div className={renderer.renderRule(() => ({
    color: 'red',
    fontSize: 12
  }))}>
      Hello
    </div>;
}",
]
`;
