// Jest Snapshot v1, https://goo.gl/fbAQLP

exports[`Rendering to a sheet list should return a list of style sheets 1`] = `
Array [
  Object {
    "attributes": Object {},
    "css": "*{box-sizing:border-box}div{display:flex}",
    "rehydration": 6,
    "type": "STATIC",
  },
  Object {
    "attributes": Object {},
    "css": ".a{color:red}",
    "rehydration": 6,
    "type": "RULE",
  },
  Object {
    "attributes": Object {},
    "css": "@supports (display:flex){.b{color:yellow}}@supports (display:grid){.c{color:brown}}",
    "rehydration": 6,
    "support": true,
    "type": "RULE",
  },
  Object {
    "attributes": Object {},
    "css": ".d{color:blue}",
    "media": "(min-height: 300px)",
    "rehydration": 6,
    "type": "RULE",
  },
  Object {
    "attributes": Object {},
    "css": "@supports (display:flex){.e{color:green}}@supports (display:grid){.f{color:black}}",
    "media": "(min-height: 300px)",
    "rehydration": 6,
    "support": true,
    "type": "RULE",
  },
]
`;
